// Jest Snapshot v1, https://goo.gl/fbAQLP

exports[`ToastContainer Component renders correctly 1`] = `
<div>
  <div
    class="sc-gswNZR hyXmLs"
  />
</div>
`;
